class Foo:
    """Foo.
    """

    def foo(self):
        """foo.
        """
        class Bar:
            """Bar.
            """

            def bar(self):
                """bar.
                """
                pass

            def baz(self, arg1):
                """baz.

                Parameters
                ----------
                arg1 :
                    arg1
                """
                pass
