def foo():
    """foo.
    """
    pass


def bar(arg1):
    """bar.

    Args:
        arg1:
    """
    pass


def baz(arg1=None):
    """baz.

    Args:
        arg1:
    """
    pass


def spam(arg1: str):
    """spam.

    Args:
        arg1 (str): arg1
    """
    pass


def ham(arg1: str = 'ham'):
    """ham.

    Args:
        arg1 (str): arg1
    """
    pass


def bacon(arg1: str = 'spam', arg2: str = 'ham') -> int:
    """bacon.

    Args:
        arg1 (str): arg1
        arg2 (str): arg2

    Returns:
        int:
    """
    pass
