def foo1(arg1):
    """foo1.

    Args:
        arg1:
    """
    pass


def foo2(arg1)->List[int]:
    """foo2.

    Args:
        arg1:

    Returns:
        List[int]:
    """
    pass


def foo3(arg1) ->List[int]:
    """foo3.

    Args:
        arg1:

    Returns:
        List[int]:
    """
    pass


def foo4(arg1)-> List[int]:
    """foo4.

    Args:
        arg1:

    Returns:
        List[int]:
    """
    pass


def foo5(arg1) -> List[int]:
    """foo5.

    Args:
        arg1:

    Returns:
        List[int]:
    """
    pass


def foo6(arg1) -> List[int] :
    """foo6.

    Args:
        arg1:

    Returns:
        List[int]:
    """
    pass


def foo7(
  arg1
)->List[int]:
    """foo7.

    Args:
        arg1:

    Returns:
        List[int]:
    """
    pass


def foo8(
  arg1
) ->List[int]:
    """foo8.

    Args:
        arg1:

    Returns:
        List[int]:
    """
    pass


def foo9(
  arg1
)-> List[int]:
    """foo9.

    Args:
        arg1:

    Returns:
        List[int]:
    """
    pass


def foo10(
  arg1
) -> List[int]:
    """foo10.

    Args:
        arg1:

    Returns:
        List[int]:
    """
    pass


def foo11(
  arg1
) -> List[int] :
    """foo11.

    Args:
        arg1:

    Returns:
        List[int]:
    """
    pass
